// Jest Snapshot v1, https://goo.gl/fbAQLP

exports[`Renders correctly 1`] = `
<div>
  <div
    className="sc-dIUggk bYBOI"
  >
    <div
      className="sc-idOhPF ioaswy"
    />
  </div>
</div>
`;
